Microchip MPLAB XC8 Compiler V1.32 ()

Linker command line:

--edf=C:\Program Files\Microchip\xc8\v1.32\dat\en_msgs.txt -cs \
  -h+dist/UseXC8/debug\PIC_Framework_3.X.debug.sym \
  --cmf=dist/UseXC8/debug\PIC_Framework_3.X.debug.cmf -z -Q18F46J50 \
  -oC:\Users\ECE4534\AppData\Local\Temp\s2hg.6 \
  -Mdist/UseXC8/debug/PIC_Framework_3.X.debug.map -E1 -ver=XC8 \
  -ASTACK=01CFh-09ffh -pstack=STACK -ACODE=00h-0FFF7h -ACONST=00h-0FFF7h \
  -ASMALLCONST=0F00h-0FFFhx240,0FF00h-0FFF7h -AMEDIUMCONST=0F00h-0FFF7h \
  -ACOMRAM=01h-05Fh -AABS1=00h-0EBFh -ABIGRAM=01h-0EBFh \
  -ARAM=060h-0FFh,0100h-01FFhx13,0E00h-0EBFh -ABANK0=060h-0FFh \
  -ABANK1=0100h-01FFh -ABANK2=0200h-02FFh -ABANK3=0300h-03FFh \
  -ABANK4=0400h-04FFh -ABANK5=0500h-05FFh -ABANK6=0600h-06FFh \
  -ABANK7=0700h-07FFh -ABANK8=0800h-08FFh -ABANK9=0900h-09FFh \
  -ABANK10=0A00h-0AFFh -ABANK11=0B00h-0BFFh -ABANK12=0C00h-0CFFh \
  -ABANK13=0D00h-0DFFh -ABANK14=0E00h-0EBFh \
  -ASFR=0EC0h-0EFFh,0F00h-0F5Fh,0F60h-0FFCh \
  -preset_vec=00h,intcode=08h,intcodelo=018h,powerup,init,end_init \
  -pramtop=0F00h -psmallconst=SMALLCONST -pmediumconst=MEDIUMCONST \
  -pconst=CONST -AFARRAM=00h-00h -ACONFIG=0FFF8h-0FFFFh -pconfig=CONFIG \
  -pjflash_buffer=0F800h \
  -prdata=COMRAM,nvrram=COMRAM,nvbit=COMRAM,rbss=COMRAM,rbit=COMRAM \
  -pfarbss=FARRAM,fardata=FARRAM,nvFARRAM=FARRAM \
  -pintsave_regs=BIGRAM,bigbss=BIGRAM,bigdata=BIGRAM -pbss=RAM \
  -pidata=CODE,irdata=CODE,ibigdata=CODE,ifardata=CODE \
  C:\Users\ECE4534\AppData\Local\Temp\s2hg.obj \
  dist/UseXC8/debug\PIC_Framework_3.X.debug.obj 

Object code version is 3.11

Machine type is 18F46J50

Call graph: (short form)




                Name                               Link     Load   Length Selector   Space Scale
C:\Users\ECE4534\AppData\Local\Temp\s2hg.obj
                end_init                             B6       B6        4        C       0
                reset_vec                             0        0        6        0       0
                config                             FFF8     FFF8        8     FFF8       0
dist/UseXC8/debug\PIC_Framework_3.X.debug.obj
                intcodelo                            18       18       9E        C       0
                intcode                               8        8       10        4       0
                text32                              C70      C70       2E        C       0
                text31                              D8A      D8A        6        C       0
                text30                              D72      D72       10        C       0
                text29                              B96      B96       3E        C       0
                text28                              A0C      A0C       5E        C       0
                text27                               BA       BA      2BA        C       0
                text26                              AC0      AC0       50        C       0
                text25                              374      374      11E        C       0
                text24                              C0E      C0E       34        C       0
                text23                              492      492       E8        C       0
                text22                              C42      C42       2E        C       0
                text21                              D60      D60       12        C       0
                text20                              8D4      8D4       6E        C       0
                intcode_body                        7E6      7E6       7E        C       0
                text18                              D4E      D4E       12        C       0
                text17                              B56      B56       40        C       0
                text16                              57A      57A       AA        C       0
                text15                              CCA      CCA       24        C       0
                text14                              D3C      D3C       12        C       0
                text13                              C9E      C9E       2C        C       0
                text12                              D0C      D0C       1E        C       0
                text11                              6C2      6C2       94        C       0
                text9                               864      864       70        C       0
                text8                               D82      D82        8        C       0
                text7                               BD4      BD4       3A        C       0
                text6                               624      624       9E        C       0
                text5                               942      942       66        C       0
                text4                               9A8      9A8       64        C       0
                text3                               A6A      A6A       56        C       0
                text2                               D2A      D2A       12        C       0
                text1                               CEE      CEE       1E        C       0
                text0                               756      756       90        C       0
                cstackCOMRAM                          1        1       2E        1       1
                cstackBANK0                          96       96       33       60       1
                cstackBANK1                         1A2      1A2       2D      100       1
                bssBANK1                            100      100       A2      100       1
                dataBANK0                            C9       C9        5       60       1
                bssBANK0                             60       60       36       60       1
                bssCOMRAM                            31       31        2        1       1
                cinit                               B10      B10       46        C       0
                nvBANK0                              CE       CE        2       60       1
                nvCOMRAM                             2F       2F        2        1       1
                idataBANK0                          D90      D90        5        C       0

TOTAL           Name                               Link     Load   Length     Space
        CLASS   STACK          

        CLASS   CODE           
                end_init                             B6       B6        4         0
                intcodelo                            18       18       9E         0
                intcode                               8        8       10         0
                reset_vec                             0        0        6         0
                text32                              C70      C70       2E         0
                text31                              D8A      D8A        6         0
                text30                              D72      D72       10         0
                text29                              B96      B96       3E         0
                text28                              A0C      A0C       5E         0
                text27                               BA       BA      2BA         0
                text26                              AC0      AC0       50         0
                text25                              374      374      11E         0
                text24                              C0E      C0E       34         0
                text23                              492      492       E8         0
                text22                              C42      C42       2E         0
                text21                              D60      D60       12         0
                text20                              8D4      8D4       6E         0
                intcode_body                        7E6      7E6       7E         0
                text18                              D4E      D4E       12         0
                text17                              B56      B56       40         0
                text16                              57A      57A       AA         0
                text15                              CCA      CCA       24         0
                text14                              D3C      D3C       12         0
                text13                              C9E      C9E       2C         0
                text12                              D0C      D0C       1E         0
                text11                              6C2      6C2       94         0
                text9                               864      864       70         0
                text8                               D82      D82        8         0
                text7                               BD4      BD4       3A         0
                text6                               624      624       9E         0
                text5                               942      942       66         0
                text4                               9A8      9A8       64         0
                text3                               A6A      A6A       56         0
                text2                               D2A      D2A       12         0
                text1                               CEE      CEE       1E         0
                text0                               756      756       90         0
                cinit                               B10      B10       46         0
                idataBANK0                          D90      D90        5         0

        CLASS   CONST          

        CLASS   SMALLCONST     

        CLASS   MEDIUMCONST    

        CLASS   COMRAM         
                cstackCOMRAM                          1        1       2E         1
                bssCOMRAM                            31       31        2         1
                nvCOMRAM                             2F       2F        2         1

        CLASS   ABS1           

        CLASS   BIGRAM         

        CLASS   RAM            

        CLASS   BANK0          
                cstackBANK0                          96       96       33         1
                dataBANK0                            C9       C9        5         1
                bssBANK0                             60       60       36         1
                nvBANK0                              CE       CE        2         1

        CLASS   BANK1          
                cstackBANK1                         1A2      1A2       2D         1
                bssBANK1                            100      100       A2         1

        CLASS   BANK2          

        CLASS   BANK3          

        CLASS   BANK4          

        CLASS   BANK5          

        CLASS   BANK6          

        CLASS   BANK7          

        CLASS   BANK8          

        CLASS   BANK9          

        CLASS   BANK10         

        CLASS   BANK11         

        CLASS   BANK12         

        CLASS   BANK13         

        CLASS   BANK14         

        CLASS   SFR            

        CLASS   FARRAM         

        CLASS   CONFIG         
                config                             FFF8     FFF8        8         0

        CLASS   IDLOC          



SEGMENTS        Name                           Load    Length   Top    Selector   Space  Class

                reset_vec                      000000  000006  000006         0       0  CODE    
                cstackCOMRAM                   000001  000032  000033         1       1  COMRAM  
                intcode                        000008  000010  000018         4       0  CODE    
                intcodelo                      000018  000D7D  000D95         C       0  CODE    
                bssBANK0                       000060  000070  0000D0        60       1  BANK0   
                bssBANK1                       000100  0000CF  0001CF       100       1  BANK1   
                config                         00FFF8  000008  010000      FFF8       0  CONFIG  


UNUSED ADDRESS RANGES

        Name                Unused          Largest block    Delta
        BANK0            000D0-000FF              30
        BANK1            001CF-001FF              31
        BANK10           00A00-00AFF             100
        BANK11           00B00-00BFF             100
        BANK12           00C00-00CFF             100
        BANK13           00D00-00DFF             100
        BANK14           00E00-00EBF              C0
        BANK2            00200-002FF             100
        BANK3            00300-003FF             100
        BANK4            00400-004FF             100
        BANK5            00500-005FF             100
        BANK6            00600-006FF             100
        BANK7            00700-007FF             100
        BANK8            00800-008FF             100
        BANK9            00900-009FF             100
        BIGRAM           00033-0005F              2D
                         000D0-000FF              30
                         001CF-00EBF             CF1
        CODE             00006-00007               2
                         00D95-0FFF7            F263
        COMRAM           00033-0005F              2D
        CONST            00006-00007               2
                         00D95-0FFF7            F263
        MEDIUMCONST      00F00-0FFF7            F0F8
        RAM              000D0-000FF              30
                         001CF-00EBF             100
        SFR              00EC0-00FFC              60
        SMALLCONST       00F00-0FFF7             100
        STACK            001CF-009FF             831

                                  Symbol Table

?_ReadTimer1                     cstackCOMRAM  00001
?_in_high_int                    cstackBANK0   00096
?_in_low_int                     cstackBANK0   00098
FromMainHigh_recvmsg@data        cstackBANK0   000B0
FromMainHigh_recvmsg@maxlength   cstackCOMRAM  0002E
FromMainHigh_recvmsg@msgtype     cstackBANK0   000AE
Open1USART@config                cstackBANK0   000C8
Open1USART@spbrg                 cstackBANK0   000C6
Read1USART@data                  cstackCOMRAM  00001
ReadTimer1@timer                 cstackCOMRAM  00003
ToMainHigh_sendmsg@data          cstackBANK0   000AC
ToMainHigh_sendmsg@length        cstackBANK0   000AE
ToMainHigh_sendmsg@msgtype       cstackBANK0   000AB
ToMainLow_sendmsg@data           cstackCOMRAM  00018
ToMainLow_sendmsg@length         cstackCOMRAM  0001A
ToMainLow_sendmsg@msgtype        cstackCOMRAM  00017
WriteTimer0@timer                cstackBANK0   00098
WriteTimer0@timer0               cstackBANK0   00096
WriteTimer1@timer                cstackCOMRAM  00003
WriteTimer1@timer1               cstackCOMRAM  00001
_FromMainHigh_MQ                 bssBANK1      00100
_FromMainHigh_recvmsg            text24        00C0E
_FromMainLow_MQ                  bssBANK1      00136
_INTCONbits                      (abs)         00FF2
_IPR1bits                        (abs)         00F9F
_InterruptHandlerHigh            intcode       00008
_InterruptHandlerLow             intcodelo     00018
_LATB                            (abs)         00F8A
_LATBbits                        (abs)         00F8A
_MQ_Main_Willing_to_block        bssCOMRAM     00031
_OSCCON                          (abs)         00FD3
_OSCCONbits                      (abs)         00FD3
_OSCTUNEbits                     (abs)         00F9B
_Open1USART                      text9         00864
_PIE1bits                        (abs)         00F9D
_PIR1bits                        (abs)         00F9E
_PORTBbits                       (abs)         00F81
_RCONbits                        (abs)         00FD0
_RCREG1                          (abs)         00FAF
_RCSTA1                          (abs)         00FAC
_RCSTA1bits                      (abs)         00FAC
_RCSTAbits                       (abs)         00FAC
_Read1USART                      text12        00D0C
_ReadTimer1                      text18        00D4E
_SPBRG1                          (abs)         00FB0
_SPBRGH1                         (abs)         00F7F
_SSP1BUF                         (abs)         00FC9
_SSP1CON2bits                    (abs)         00FC5
_SSPADD                          (abs)         00FC8
_SSPBUF                          (abs)         00FC9
_SSPCON1                         (abs)         00FC6
_SSPCON1bits                     (abs)         00FC6
_SSPCON2                         (abs)         00FC5
_SSPCON2bits                     (abs)         00FC5
_SSPSTAT                         (abs)         00FC7
_SSPSTATbits                     (abs)         00FC7
_SleepIfOkay                     text28        00A0C
_TMR0H                           (abs)         00FD7
_TMR0L                           (abs)         00FD6
_TMR1H                           (abs)         00FCF
_TMR1L                           (abs)         00FCE
_TRISB                           (abs)         00F93
_TRISBbits                       (abs)         00F93
_TXSTA1                          (abs)         00FAD
_TXSTA1bits                      (abs)         00FAD
_ToMainHigh_MQ                   bssBANK1      0016C
_ToMainHigh_sendmsg              text22        00C42
_ToMainLow_MQ                    bssBANK0      00060
_ToMainLow_sendmsg               text15        00CCA
_USART1_Status                   bssCOMRAM     00032
_WriteTimer0                     text21        00D60
_WriteTimer1                     text14        00D3C
__CFG_CP0$OFF                    (abs)         00000
__CFG_CPUDIV$OSC1                (abs)         00000
__CFG_DSBOREN$OFF                (abs)         00000
__CFG_DSWDTEN$OFF                (abs)         00000
__CFG_DSWDTOSC$T1OSCREF          (abs)         00000
__CFG_DSWDTPS$G2                 (abs)         00000
__CFG_FCMEN$OFF                  (abs)         00000
__CFG_IESO$ON                    (abs)         00000
__CFG_IOL1WAY$ON                 (abs)         00000
__CFG_LPT1OSC$OFF                (abs)         00000
__CFG_MSSP7B_EN$MSK7             (abs)         00000
__CFG_OSC$HSPLL                  (abs)         00000
__CFG_PLLDIV$3                   (abs)         00000
__CFG_RTCOSC$T1OSCREF            (abs)         00000
__CFG_STVREN$OFF                 (abs)         00000
__CFG_T1DIG$OFF                  (abs)         00000
__CFG_WDTEN$OFF                  (abs)         00000
__CFG_WDTPS$32768                (abs)         00000
__CFG_WPCFG$OFF                  (abs)         00000
__CFG_WPDIS$OFF                  (abs)         00000
__CFG_WPEND$PAGE_WPFP            (abs)         00000
__CFG_WPFP$PAGE_63               (abs)         00000
__CFG_XINST$OFF                  (abs)         00000
__HRAM                           (abs)         00000
__Habs1                          abs1          00000
__Hbank0                         bank0         00000
__Hbank1                         bank1         00000
__Hbank10                        bank10        00000
__Hbank11                        bank11        00000
__Hbank12                        bank12        00000
__Hbank13                        bank13        00000
__Hbank14                        bank14        00000
__Hbank2                         bank2         00000
__Hbank3                         bank3         00000
__Hbank4                         bank4         00000
__Hbank5                         bank5         00000
__Hbank6                         bank6         00000
__Hbank7                         bank7         00000
__Hbank8                         bank8         00000
__Hbank9                         bank9         00000
__Hbigbss                        bigbss        00000
__Hbigdata                       bigdata       00000
__Hbigram                        bigram        00000
__Hbss                           bss           00000
__HbssBANK0                      bssBANK0      00000
__HbssBANK1                      bssBANK1      00000
__HbssCOMRAM                     bssCOMRAM     00000
__Hcinit                         cinit         00000
__Hclrtext                       clrtext       00000
__Hcomram                        comram        00000
__Hconfig                        config        10000
__Hconst                         const         00000
__HcstackBANK0                   cstackBANK0   00000
__HcstackBANK1                   cstackBANK1   00000
__HcstackCOMRAM                  cstackCOMRAM  00000
__Hdata                          data          00000
__HdataBANK0                     dataBANK0     00000
__Hend_init                      end_init      000BA
__Hfarbss                        farbss        00000
__Hfardata                       fardata       00000
__Hibigdata                      ibigdata      00000
__Hidata                         idata         00000
__HidataBANK0                    idataBANK0    00000
__Hidloc                         idloc         00000
__Hifardata                      ifardata      00000
__Hinit                          init          000B6
__Hintcode                       intcode       00018
__Hintcode_body                  intcode_body  00000
__Hintcodelo                     intcodelo     000B6
__Hintentry                      intentry      00000
__Hintret                        intret        00000
__Hintsave_regs                  intsave_regs  00000
__Hirdata                        irdata        00000
__Hjflash_buffer                 jflash_buffer 0F800
__Hmediumconst                   mediumconst   00000
__HnvBANK0                       nvBANK0       00000
__HnvCOMRAM                      nvCOMRAM      00000
__HnvFARRAM                      nvFARRAM      00000
__Hnvbit                         nvbit         00000
__Hnvrram                        nvrram        00000
__Hparam                         rparam        00000
__Hpowerup                       powerup       000B6
__Hram                           ram           00000
__Hramtop                        ramtop        00F00
__Hrbit                          rbit          00000
__Hrbss                          rbss          00000
__Hrdata                         rdata         00000
__Hreset_vec                     reset_vec     00006
__Hrparam                        rparam        00000
__Hsfr                           sfr           00000
__Hsmallconst                    smallconst    00000
__Hspace_0                       (abs)         10000
__Hspace_1                       (abs)         001CF
__Hspace_2                       (abs)         00000
__Hstack                         stack         00000
__Hstruct                        struct        00000
__Htemp                          temp          00000
__Htext                          text          00000
__Htext0                         text0         00000
__Htext1                         text1         00000
__Htext11                        text11        00000
__Htext12                        text12        00000
__Htext13                        text13        00000
__Htext14                        text14        00000
__Htext15                        text15        00000
__Htext16                        text16        00000
__Htext17                        text17        00000
__Htext18                        text18        00000
__Htext2                         text2         00000
__Htext20                        text20        00000
__Htext21                        text21        00000
__Htext22                        text22        00000
__Htext23                        text23        00000
__Htext24                        text24        00000
__Htext25                        text25        00000
__Htext26                        text26        00000
__Htext27                        text27        00000
__Htext28                        text28        00000
__Htext29                        text29        00000
__Htext3                         text3         00000
__Htext30                        text30        00000
__Htext31                        text31        00000
__Htext32                        text32        00000
__Htext4                         text4         00000
__Htext5                         text5         00000
__Htext6                         text6         00000
__Htext7                         text7         00000
__Htext8                         text8         00000
__Htext9                         text9         00000
__LRAM                           (abs)         00001
__Labs1                          abs1          00000
__Lbank0                         bank0         00000
__Lbank1                         bank1         00000
__Lbank10                        bank10        00000
__Lbank11                        bank11        00000
__Lbank12                        bank12        00000
__Lbank13                        bank13        00000
__Lbank14                        bank14        00000
__Lbank2                         bank2         00000
__Lbank3                         bank3         00000
__Lbank4                         bank4         00000
__Lbank5                         bank5         00000
__Lbank6                         bank6         00000
__Lbank7                         bank7         00000
__Lbank8                         bank8         00000
__Lbank9                         bank9         00000
__Lbigbss                        bigbss        00000
__Lbigdata                       bigdata       00000
__Lbigram                        bigram        00000
__Lbss                           bss           00000
__LbssBANK0                      bssBANK0      00000
__LbssBANK1                      bssBANK1      00000
__LbssCOMRAM                     bssCOMRAM     00000
__Lcinit                         cinit         00000
__Lclrtext                       clrtext       00000
__Lcomram                        comram        00000
__Lconfig                        config        0FFF8
__Lconst                         const         00000
__LcstackBANK0                   cstackBANK0   00000
__LcstackBANK1                   cstackBANK1   00000
__LcstackCOMRAM                  cstackCOMRAM  00000
__Ldata                          data          00000
__LdataBANK0                     dataBANK0     00000
__Lend_init                      end_init      000B6
__Lfarbss                        farbss        00000
__Lfardata                       fardata       00000
__Libigdata                      ibigdata      00000
__Lidata                         idata         00000
__LidataBANK0                    idataBANK0    00000
__Lidloc                         idloc         00000
__Lifardata                      ifardata      00000
__Linit                          init          000B6
__Lintcode                       intcode       00008
__Lintcode_body                  intcode_body  00000
__Lintcodelo                     intcodelo     00018
__Lintentry                      intentry      00000
__Lintret                        intret        00000
__Lintsave_regs                  intsave_regs  00000
__Lirdata                        irdata        00000
__Ljflash_buffer                 jflash_buffer 0F800
__Lmediumconst                   mediumconst   00000
__LnvBANK0                       nvBANK0       00000
__LnvCOMRAM                      nvCOMRAM      00000
__LnvFARRAM                      nvFARRAM      00000
__Lnvbit                         nvbit         00000
__Lnvrram                        nvrram        00000
__Lparam                         rparam        00000
__Lpowerup                       powerup       000B6
__Lram                           ram           00000
__Lramtop                        ramtop        00F00
__Lrbit                          rbit          00000
__Lrbss                          rbss          00000
__Lrdata                         rdata         00000
__Lreset_vec                     reset_vec     00000
__Lrparam                        rparam        00000
__Lsfr                           sfr           00000
__Lsmallconst                    smallconst    00000
__Lspace_0                       (abs)         00000
__Lspace_1                       (abs)         00000
__Lspace_2                       (abs)         00000
__Lstack                         stack         00000
__Lstruct                        struct        00000
__Ltemp                          temp          00000
__Ltext                          text          00000
__Ltext0                         text0         00000
__Ltext1                         text1         00000
__Ltext11                        text11        00000
__Ltext12                        text12        00000
__Ltext13                        text13        00000
__Ltext14                        text14        00000
__Ltext15                        text15        00000
__Ltext16                        text16        00000
__Ltext17                        text17        00000
__Ltext18                        text18        00000
__Ltext2                         text2         00000
__Ltext20                        text20        00000
__Ltext21                        text21        00000
__Ltext22                        text22        00000
__Ltext23                        text23        00000
__Ltext24                        text24        00000
__Ltext25                        text25        00000
__Ltext26                        text26        00000
__Ltext27                        text27        00000
__Ltext28                        text28        00000
__Ltext29                        text29        00000
__Ltext3                         text3         00000
__Ltext30                        text30        00000
__Ltext31                        text31        00000
__Ltext32                        text32        00000
__Ltext4                         text4         00000
__Ltext5                         text5         00000
__Ltext6                         text6         00000
__Ltext7                         text7         00000
__Ltext8                         text8         00000
__Ltext9                         text9         00000
__S0                             (abs)         10000
__S1                             (abs)         001CF
__S2                             (abs)         00000
___inthi_sp                      stack         00000
___intlo_sp                      stack         00000
___sp                            stack         00000
__accesstop                      (abs)         00060
__activetblptr                   (abs)         00002
__end_of_FromMainHigh_recvmsg    text24        00C42
__end_of_InterruptHandlerHigh    intcode_body  00864
__end_of_InterruptHandlerLow     intcodelo     000B6
__end_of_Open1USART              text9         008D4
__end_of_Read1USART              text12        00D2A
__end_of_ReadTimer1              text18        00D60
__end_of_SleepIfOkay             text28        00A6A
__end_of_ToMainHigh_sendmsg      text22        00C70
__end_of_ToMainLow_sendmsg       text15        00CEE
__end_of_WriteTimer0             text21        00D72
__end_of_WriteTimer1             text14        00D4E
__end_of__initialization         cinit         00B4C
__end_of_check_msg               text32        00C9E
__end_of_enable_interrupts       text8         00D8A
__end_of_enter_sleep_mode        text31        00D90
__end_of_i2c_configure_master    text7         00C0E
__end_of_i2c_master_int_handler  text27        00374
__end_of_i2c_master_recv         text6         006C2
__end_of_in_high_int             text30        00D82
__end_of_in_low_int              text29        00BD4
__end_of_init_i2c                text5         009A8
__end_of_init_queue              text4         00A0C
__end_of_init_queues             text3         00AC0
__end_of_init_timer1_lthread     text2         00D3C
__end_of_init_uart_recv          text1         00D0C
__end_of_main                    text0         007E6
__end_of_memcpy                  text17        00B96
__end_of_recv_msg                text25        00492
__end_of_send_msg                text16        00624
__end_of_timer0_int_handler      text20        00942
__end_of_timer1_int_handler      text13        00CCA
__end_of_uart_recv_int_handler   text11        00756
__end_ofi2_memcpy                text26        00B10
__end_ofi2_send_msg              text23        0057A
__initialization                 cinit         00B10
__mediumconst                    mediumconst   00000
__pbssBANK0                      bssBANK0      00060
__pbssBANK1                      bssBANK1      00100
__pbssCOMRAM                     bssCOMRAM     00031
__pcinit                         cinit         00B10
__pcstackBANK0                   cstackBANK0   00096
__pcstackBANK1                   cstackBANK1   001A2
__pcstackCOMRAM                  cstackCOMRAM  00001
__pdataBANK0                     dataBANK0     000C9
__pidataBANK0                    idataBANK0    00D90
__pintcode                       intcode       00008
__pintcode_body                  intcode_body  007E6
__pintcodelo                     intcodelo     00018
__pnvBANK0                       nvBANK0       000CE
__pnvCOMRAM                      nvCOMRAM      0002F
__ptext0                         text0         00756
__ptext1                         text1         00CEE
__ptext11                        text11        006C2
__ptext12                        text12        00D0C
__ptext13                        text13        00C9E
__ptext14                        text14        00D3C
__ptext15                        text15        00CCA
__ptext16                        text16        0057A
__ptext17                        text17        00B56
__ptext18                        text18        00D4E
__ptext2                         text2         00D2A
__ptext20                        text20        008D4
__ptext21                        text21        00D60
__ptext22                        text22        00C42
__ptext23                        text23        00492
__ptext24                        text24        00C0E
__ptext25                        text25        00374
__ptext26                        text26        00AC0
__ptext27                        text27        000BA
__ptext28                        text28        00A0C
__ptext29                        text29        00B96
__ptext3                         text3         00A6A
__ptext30                        text30        00D72
__ptext31                        text31        00D8A
__ptext32                        text32        00C70
__ptext4                         text4         009A8
__ptext5                         text5         00942
__ptext6                         text6         00624
__ptext7                         text7         00BD4
__ptext8                         text8         00D82
__ptext9                         text9         00864
__ramtop                         ramtop        00F00
__size_of_FromMainHigh_recvmsg   (abs)         00000
__size_of_InterruptHandlerHigh   (abs)         00000
__size_of_InterruptHandlerLow    (abs)         00000
__size_of_Open1USART             (abs)         00000
__size_of_Read1USART             (abs)         00000
__size_of_ReadTimer1             (abs)         00000
__size_of_SleepIfOkay            (abs)         00000
__size_of_ToMainHigh_sendmsg     (abs)         00000
__size_of_ToMainLow_sendmsg      (abs)         00000
__size_of_WriteTimer0            (abs)         00000
__size_of_WriteTimer1            (abs)         00000
__size_of_check_msg              (abs)         00000
__size_of_enable_interrupts      (abs)         00000
__size_of_enter_sleep_mode       (abs)         00000
__size_of_i2c_configure_master   (abs)         00000
__size_of_i2c_master_int_handler (abs)         00000
__size_of_i2c_master_recv        (abs)         00000
__size_of_in_high_int            (abs)         00000
__size_of_in_low_int             (abs)         00000
__size_of_init_i2c               (abs)         00000
__size_of_init_queue             (abs)         00000
__size_of_init_queues            (abs)         00000
__size_of_init_timer1_lthread    (abs)         00000
__size_of_init_uart_recv         (abs)         00000
__size_of_main                   (abs)         00000
__size_of_memcpy                 (abs)         00000
__size_of_recv_msg               (abs)         00000
__size_of_send_msg               (abs)         00000
__size_of_timer0_int_handler     (abs)         00000
__size_of_timer1_int_handler     (abs)         00000
__size_of_uart_recv_int_handler  (abs)         00000
__size_ofi2_memcpy               (abs)         00000
__size_ofi2_send_msg             (abs)         00000
__smallconst                     smallconst    00000
_check_msg                       text32        00C70
_enable_interrupts               text8         00D82
_enter_sleep_mode                text31        00D8A
_i2c_configure_master            text7         00BD4
_i2c_master_int_handler          text27        000BA
_i2c_master_recv                 text6         00624
_ic_ptr                          nvBANK0       000CE
_in_high_int                     text30        00D72
_in_low_int                      text29        00B96
_init_i2c                        text5         00942
_init_queue                      text4         009A8
_init_queues                     text3         00A6A
_init_timer1_lthread             text2         00D2A
_init_uart_recv                  text1         00CEE
_main                            text0         00756
_memcpy                          text17        00B56
_recv_msg                        text25        00374
_send_msg                        text16        0057A
_timer0_int_handler              text20        008D4
_timer1_int_handler              text13        00C9E
_uart_recv_int_handler           text11        006C2
_uc_ptr                          nvCOMRAM      0002F
check_msg@qptr                   cstackBANK0   00096
end_of_initialization            cinit         00B4C
i2_memcpy                        text26        00AC0
i2_send_msg                      text23        00492
i2c_master_recv@length           cstackBANK0   000C7
i2c_master_recv@slave_addr       cstackBANK0   000C6
i2memcpy@d                       cstackBANK0   0009C
i2memcpy@d1                      cstackBANK0   00096
i2memcpy@n                       cstackBANK0   0009A
i2memcpy@s                       cstackBANK0   0009E
i2memcpy@s1                      cstackBANK0   00098
i2send_msg@data                  cstackBANK0   000A4
i2send_msg@length                cstackBANK0   000A2
i2send_msg@msgtype               cstackBANK0   000A3
i2send_msg@qmsg                  cstackBANK0   000A9
i2send_msg@qptr                  cstackBANK0   000A0
i2send_msg@slot                  cstackBANK0   000A8
i2send_msg@tlength               cstackBANK0   000A6
init_i2c@ic                      cstackBANK0   000C6
init_queue@i                     cstackBANK0   000C8
init_queue@qptr                  cstackBANK0   000C6
init_timer1_lthread@tptr         cstackBANK0   000C6
init_uart_recv@uc                cstackBANK0   000C6
int_func                         intcode_body  007E6
intlevel0                        text          00000
intlevel1                        text          00000
intlevel2                        text          00000
intlevel3                        text          00000
main@F9234                       dataBANK0     000C9
main@ic                          cstackBANK1   001B1
main@msg                         cstackBANK1   001A5
main@t1thread_data               cstackBANK1   001AA
main@uc                          cstackBANK1   001AC
memcpy@d                         cstackCOMRAM  00007
memcpy@d1                        cstackCOMRAM  00001
memcpy@n                         cstackCOMRAM  00005
memcpy@s                         cstackCOMRAM  00009
memcpy@s1                        cstackCOMRAM  00003
recv_msg@data                    cstackBANK0   000A5
recv_msg@maxlength               cstackBANK0   000A2
recv_msg@msgtype                 cstackBANK0   000A3
recv_msg@qmsg                    cstackBANK0   000AC
recv_msg@qptr                    cstackBANK0   000A0
recv_msg@slot                    cstackBANK0   000A9
recv_msg@tlength                 cstackBANK0   000AA
send_msg@data                    cstackCOMRAM  0000F
send_msg@length                  cstackCOMRAM  0000D
send_msg@msgtype                 cstackCOMRAM  0000E
send_msg@qmsg                    cstackCOMRAM  00015
send_msg@qptr                    cstackCOMRAM  0000B
send_msg@slot                    cstackCOMRAM  00014
send_msg@tlength                 cstackCOMRAM  00012
stackhi                          (abs)         009FF
stacklo                          (abs)         001CF
start                            init          000B6
start_initialization             cinit         00B10
timer0_int_handler@length        cstackBANK0   000B2
timer0_int_handler@msgtype       cstackBANK0   000B4
timer0_int_handler@val           cstackBANK0   000B6
timer1_int_handler@result        cstackCOMRAM  0001B


FUNCTION INFORMATION:

 *************** function _main *****************
 Defined at:
		line 186 in file "../src/main.c"
 Parameters:    Size  Location     Type
		None
 Auto vars:     Size  Location     Type
  ic             30   15[BANK1 ] struct __i2c_comm
  msgbuffer      11    0        unsigned char [11]
  uc              5   10[BANK1 ] struct __uart_comm
  msg             5    3[BANK1 ] unsigned char [5]
  t1thread_dat    2    8[BANK1 ] struct __timer1_thread_s
  t0thread_dat    2    0        struct __timer0_thread_s
  uthread_data    2    0        struct __uart_thread_str
  i               1    0        unsigned char 
  last_reg_rec    1    0        unsigned char 
  msgtype         1    0        unsigned char 
  length          1    0        char 
  c               1    0        unsigned char 
 Return value:  Size  Location     Type
		None               void
 Registers used:
		wreg, fsr1l, fsr1h, fsr2l, fsr2h, status,2, status,0, prodl, prodh, cstack
 Tracked objects:
		On entry : 
		On exit  : 
		Unchanged: 
 Data sizes:     COMRAM   BANK0   BANK1   BANK2   BANK3   BANK4   BANK5   BANK6   BANK7   BANK8   BANK9  BANK10  BANK11  BANK12  BANK13  BANK14
      Params:         0       0       0       0       0       0       0       0       0       0       0       0       0       0       0       0
      Locals:         0       0      42       0       0       0       0       0       0       0       0       0       0       0       0       0
      Temps:          0       0       0       0       0       0       0       0       0       0       0       0       0       0       0       0
      Totals:         0       0      42       0       0       0       0       0       0       0       0       0       0       0       0       0
Total ram usage:       42 bytes
 Hardware stack levels required when called:   12
 This function calls:
		_Open1USART
		_enable_interrupts
		_i2c_configure_master
		_i2c_master_recv
		_init_i2c
		_init_queues
		_init_timer1_lthread
		_init_uart_recv
 This function is called by:
		Startup code after reset
 This function uses a non-reentrant model


 *************** function _init_uart_recv *****************
 Defined at:
		line 49 in file "../src/my_uart.c"
 Parameters:    Size  Location     Type
  uc              2   48[BANK0 ] PTR struct __uart_comm
		 -> main@uc(5), 
 Auto vars:     Size  Location     Type
		None
 Return value:  Size  Location     Type
		None               void
 Registers used:
		wreg, fsr2l, fsr2h, status,2, status,0
 Tracked objects:
		On entry : 
		On exit  : 
		Unchanged: 
 Data sizes:     COMRAM   BANK0   BANK1   BANK2   BANK3   BANK4   BANK5   BANK6   BANK7   BANK8   BANK9  BANK10  BANK11  BANK12  BANK13  BANK14
      Params:         0       2       0       0       0       0       0       0       0       0       0       0       0       0       0       0
      Locals:         0       0       0       0       0       0       0       0       0       0       0       0       0       0       0       0
      Temps:          0       0       0       0       0       0       0       0       0       0       0       0       0       0       0       0
      Totals:         0       2       0       0       0       0       0       0       0       0       0       0       0       0       0       0
Total ram usage:        2 bytes
 Hardware stack levels used:    1
 Hardware stack levels required when called:   10
 This function calls:
		Nothing
 This function is called by:
		_main
 This function uses a non-reentrant model


 *************** function _init_timer1_lthread *****************
 Defined at:
		line 6 in file "../src/timer1_thread.c"
 Parameters:    Size  Location     Type
  tptr            2   48[BANK0 ] PTR struct __timer1_thre
		 -> main@t1thread_data(2), 
 Auto vars:     Size  Location     Type
		None
 Return value:  Size  Location     Type
		None               void
 Registers used:
		wreg, fsr2l, fsr2h
 Tracked objects:
		On entry : 
		On exit  : 
		Unchanged: 
 Data sizes:     COMRAM   BANK0   BANK1   BANK2   BANK3   BANK4   BANK5   BANK6   BANK7   BANK8   BANK9  BANK10  BANK11  BANK12  BANK13  BANK14
      Params:         0       2       0       0       0       0       0       0       0       0       0       0       0       0       0       0
      Locals:         0       0       0       0       0       0       0       0       0       0       0       0       0       0       0       0
      Temps:          0       0       0       0       0       0       0       0       0       0       0       0       0       0       0       0
      Totals:         0       2       0       0       0       0       0       0       0       0       0       0       0       0       0       0
Total ram usage:        2 bytes
 Hardware stack levels used:    1
 Hardware stack levels required when called:   10
 This function calls:
		Nothing
 This function is called by:
		_main
 This function uses a non-reentrant model


 *************** function _init_queues *****************
 Defined at:
		line 194 in file "../src/messages.c"
 Parameters:    Size  Location     Type
		None
 Auto vars:     Size  Location     Type
		None
 Return value:  Size  Location     Type
		None               void
 Registers used:
		wreg, fsr2l, fsr2h, status,2, status,0, prodl, prodh, cstack
 Tracked objects:
		On entry : 
		On exit  : 
		Unchanged: 
 Data sizes:     COMRAM   BANK0   BANK1   BANK2   BANK3   BANK4   BANK5   BANK6   BANK7   BANK8   BANK9  BANK10  BANK11  BANK12  BANK13  BANK14
      Params:         0       0       0       0       0       0       0       0       0       0       0       0       0       0       0       0
      Locals:         0       0       0       0       0       0       0       0       0       0       0       0       0       0       0       0
      Temps:          0       0       0       0       0       0       0       0       0       0       0       0       0       0       0       0
      Totals:         0       0       0       0       0       0       0       0       0       0       0       0       0       0       0       0
Total ram usage:        0 bytes
 Hardware stack levels used:    1
 Hardware stack levels required when called:   11
 This function calls:
		_init_queue
 This function is called by:
		_main
 This function uses a non-reentrant model


 *************** function _init_queue *****************
 Defined at:
		line 14 in file "../src/messages.c"
 Parameters:    Size  Location     Type
  qptr            2   48[BANK0 ] PTR struct __msg_queue
		 -> FromMainHigh_MQ(54), FromMainLow_MQ(54), ToMainHigh_MQ(54), ToMainLow_MQ(54), 
 Auto vars:     Size  Location     Type
  i               1   50[BANK0 ] unsigned char 
 Return value:  Size  Location     Type
		None               void
 Registers used:
		wreg, fsr2l, fsr2h, status,2, status,0, prodl, prodh
 Tracked objects:
		On entry : 
		On exit  : 
		Unchanged: 
 Data sizes:     COMRAM   BANK0   BANK1   BANK2   BANK3   BANK4   BANK5   BANK6   BANK7   BANK8   BANK9  BANK10  BANK11  BANK12  BANK13  BANK14
      Params:         0       2       0       0       0       0       0       0       0       0       0       0       0       0       0       0
      Locals:         0       1       0       0       0       0       0       0       0       0       0       0       0       0       0       0
      Temps:          0       0       0       0       0       0       0       0       0       0       0       0       0       0       0       0
      Totals:         0       3       0       0       0       0       0       0       0       0       0       0       0       0       0       0
Total ram usage:        3 bytes
 Hardware stack levels used:    1
 Hardware stack levels required when called:   10
 This function calls:
		Nothing
 This function is called by:
		_init_queues
 This function uses a non-reentrant model


 *************** function _init_i2c *****************
 Defined at:
		line 380 in file "../src/my_i2c.c"
 Parameters:    Size  Location     Type
  ic              2   48[BANK0 ] PTR struct __i2c_comm
		 -> main@ic(30), 
 Auto vars:     Size  Location     Type
		None
 Return value:  Size  Location     Type
		None               void
 Registers used:
		wreg, fsr2l, fsr2h, status,2, status,0
 Tracked objects:
		On entry : 
		On exit  : 
		Unchanged: 
 Data sizes:     COMRAM   BANK0   BANK1   BANK2   BANK3   BANK4   BANK5   BANK6   BANK7   BANK8   BANK9  BANK10  BANK11  BANK12  BANK13  BANK14
      Params:         0       2       0       0       0       0       0       0       0       0       0       0       0       0       0       0
      Locals:         0       0       0       0       0       0       0       0       0       0       0       0       0       0       0       0
      Temps:          0       0       0       0       0       0       0       0       0       0       0       0       0       0       0       0
      Totals:         0       2       0       0       0       0       0       0       0       0       0       0       0       0       0       0
Total ram usage:        2 bytes
 Hardware stack levels used:    1
 Hardware stack levels required when called:   10
 This function calls:
		Nothing
 This function is called by:
		_main
 This function uses a non-reentrant model


 *************** function _i2c_master_recv *****************
 Defined at:
		line 86 in file "../src/my_i2c.c"
 Parameters:    Size  Location     Type
  length          1    wreg     unsigned char 
  slave_addr      1   48[BANK0 ] unsigned char 
 Auto vars:     Size  Location     Type
  length          1   49[BANK0 ] unsigned char 
 Return value:  Size  Location     Type
                  1    wreg      unsigned char 
 Registers used:
		wreg, fsr2l, fsr2h, status,2, status,0
 Tracked objects:
		On entry : 
		On exit  : 
		Unchanged: 
 Data sizes:     COMRAM   BANK0   BANK1   BANK2   BANK3   BANK4   BANK5   BANK6   BANK7   BANK8   BANK9  BANK10  BANK11  BANK12  BANK13  BANK14
      Params:         0       1       0       0       0       0       0       0       0       0       0       0       0       0       0       0
      Locals:         0       1       0       0       0       0       0       0       0       0       0       0       0       0       0       0
      Temps:          0       0       0       0       0       0       0       0       0       0       0       0       0       0       0       0
      Totals:         0       2       0       0       0       0       0       0       0       0       0       0       0       0       0       0
Total ram usage:        2 bytes
 Hardware stack levels used:    1
 Hardware stack levels required when called:   10
 This function calls:
		Nothing
 This function is called by:
		_main
 This function uses a non-reentrant model


 *************** function _i2c_configure_master *****************
 Defined at:
		line 15 in file "../src/my_i2c.c"
 Parameters:    Size  Location     Type
		None
 Auto vars:     Size  Location     Type
		None
 Return value:  Size  Location     Type
		None               void
 Registers used:
		wreg, fsr2l, fsr2h, status,2, status,0
 Tracked objects:
		On entry : 
		On exit  : 
		Unchanged: 
 Data sizes:     COMRAM   BANK0   BANK1   BANK2   BANK3   BANK4   BANK5   BANK6   BANK7   BANK8   BANK9  BANK10  BANK11  BANK12  BANK13  BANK14
      Params:         0       0       0       0       0       0       0       0       0       0       0       0       0       0       0       0
      Locals:         0       0       0       0       0       0       0       0       0       0       0       0       0       0       0       0
      Temps:          0       0       0       0       0       0       0       0       0       0       0       0       0       0       0       0
      Totals:         0       0       0       0       0       0       0       0       0       0       0       0       0       0       0       0
Total ram usage:        0 bytes
 Hardware stack levels used:    1
 Hardware stack levels required when called:   10
 This function calls:
		Nothing
 This function is called by:
		_main
 This function uses a non-reentrant model


 *************** function _enable_interrupts *****************
 Defined at:
		line 14 in file "../src/interrupts.c"
 Parameters:    Size  Location     Type
		None
 Auto vars:     Size  Location     Type
		None
 Return value:  Size  Location     Type
		None               void
 Registers used:
		None
 Tracked objects:
		On entry : 
		On exit  : 
		Unchanged: 
 Data sizes:     COMRAM   BANK0   BANK1   BANK2   BANK3   BANK4   BANK5   BANK6   BANK7   BANK8   BANK9  BANK10  BANK11  BANK12  BANK13  BANK14
      Params:         0       0       0       0       0       0       0       0       0       0       0       0       0       0       0       0
      Locals:         0       0       0       0       0       0       0       0       0       0       0       0       0       0       0       0
      Temps:          0       0       0       0       0       0       0       0       0       0       0       0       0       0       0       0
      Totals:         0       0       0       0       0       0       0       0       0       0       0       0       0       0       0       0
Total ram usage:        0 bytes
 Hardware stack levels used:    1
 Hardware stack levels required when called:   10
 This function calls:
		Nothing
 This function is called by:
		_main
 This function uses a non-reentrant model


 *************** function _Open1USART *****************
 Defined at:
		line 124 in file "C:\Program Files\Microchip\xc8\v1.32\sources\pic18\plib\USART\u1open.c"
 Parameters:    Size  Location     Type
  config          1    wreg     unsigned char 
  spbrg           2   48[BANK0 ] unsigned int 
 Auto vars:     Size  Location     Type
  config          1   50[BANK0 ] unsigned char 
 Return value:  Size  Location     Type
		None               void
 Registers used:
		wreg, status,2
 Tracked objects:
		On entry : 
		On exit  : 
		Unchanged: 
 Data sizes:     COMRAM   BANK0   BANK1   BANK2   BANK3   BANK4   BANK5   BANK6   BANK7   BANK8   BANK9  BANK10  BANK11  BANK12  BANK13  BANK14
      Params:         0       2       0       0       0       0       0       0       0       0       0       0       0       0       0       0
      Locals:         0       1       0       0       0       0       0       0       0       0       0       0       0       0       0       0
      Temps:          0       0       3       0       0       0       0       0       0       0       0       0       0       0       0       0
      Totals:         0       3       3       0       0       0       0       0       0       0       0       0       0       0       0       0
Total ram usage:        6 bytes
 Hardware stack levels used:    1
 Hardware stack levels required when called:   10
 This function calls:
		Nothing
 This function is called by:
		_main
 This function uses a non-reentrant model


 *************** function _InterruptHandlerLow *****************
 Defined at:
		line 121 in file "../src/interrupts.c"
 Parameters:    Size  Location     Type
		None
 Auto vars:     Size  Location     Type
		None
 Return value:  Size  Location     Type
		None               void
 Registers used:
		wreg, fsr1l, fsr1h, fsr2l, fsr2h, status,2, status,0, prodl, prodh, cstack
 Tracked objects:
		On entry : 
		On exit  : 
		Unchanged: 
 Data sizes:     COMRAM   BANK0   BANK1   BANK2   BANK3   BANK4   BANK5   BANK6   BANK7   BANK8   BANK9  BANK10  BANK11  BANK12  BANK13  BANK14
      Params:         0       0       0       0       0       0       0       0       0       0       0       0       0       0       0       0
      Locals:         0       0       0       0       0       0       0       0       0       0       0       0       0       0       0       0
      Temps:         17       0       0       0       0       0       0       0       0       0       0       0       0       0       0       0
      Totals:        17       0       0       0       0       0       0       0       0       0       0       0       0       0       0       0
Total ram usage:       17 bytes
 Hardware stack levels used:    1
 Hardware stack levels required when called:    9
 This function calls:
		_timer1_int_handler
		_uart_recv_int_handler
 This function is called by:
		Interrupt level 1
 This function uses a non-reentrant model


 *************** function _uart_recv_int_handler *****************
 Defined at:
		line 11 in file "../src/my_uart.c"
 Parameters:    Size  Location     Type
		None
 Auto vars:     Size  Location     Type
		None
 Return value:  Size  Location     Type
		None               void
 Registers used:
		wreg, fsr1l, fsr1h, fsr2l, fsr2h, status,2, status,0, prodl, prodh, cstack
 Tracked objects:
		On entry : 
		On exit  : 
		Unchanged: 
 Data sizes:     COMRAM   BANK0   BANK1   BANK2   BANK3   BANK4   BANK5   BANK6   BANK7   BANK8   BANK9  BANK10  BANK11  BANK12  BANK13  BANK14
      Params:         0       0       0       0       0       0       0       0       0       0       0       0       0       0       0       0
      Locals:         0       0       0       0       0       0       0       0       0       0       0       0       0       0       0       0
      Temps:          1       0       0       0       0       0       0       0       0       0       0       0       0       0       0       0
      Totals:         1       0       0       0       0       0       0       0       0       0       0       0       0       0       0       0
Total ram usage:        1 bytes
 Hardware stack levels used:    1
 Hardware stack levels required when called:    8
 This function calls:
		_Read1USART
		_ToMainLow_sendmsg
 This function is called by:
		_InterruptHandlerLow
 This function uses a non-reentrant model


 *************** function _Read1USART *****************
 Defined at:
		line 17 in file "C:\Program Files\Microchip\xc8\v1.32\sources\pic18\plib\USART\u1read.c"
 Parameters:    Size  Location     Type
		None
 Auto vars:     Size  Location     Type
  data            1    0[COMRAM] unsigned char 
 Return value:  Size  Location     Type
                  1    wreg      unsigned char 
 Registers used:
		wreg, status,2, status,0
 Tracked objects:
		On entry : 
		On exit  : 
		Unchanged: 
 Data sizes:     COMRAM   BANK0   BANK1   BANK2   BANK3   BANK4   BANK5   BANK6   BANK7   BANK8   BANK9  BANK10  BANK11  BANK12  BANK13  BANK14
      Params:         0       0       0       0       0       0       0       0       0       0       0       0       0       0       0       0
      Locals:         1       0       0       0       0       0       0       0       0       0       0       0       0       0       0       0
      Temps:          0       0       0       0       0       0       0       0       0       0       0       0       0       0       0       0
      Totals:         1       0       0       0       0       0       0       0       0       0       0       0       0       0       0       0
Total ram usage:        1 bytes
 Hardware stack levels used:    1
 Hardware stack levels required when called:    5
 This function calls:
		Nothing
 This function is called by:
		_uart_recv_int_handler
 This function uses a non-reentrant model


 *************** function _timer1_int_handler *****************
 Defined at:
		line 36 in file "../src/user_interrupts.c"
 Parameters:    Size  Location     Type
		None
 Auto vars:     Size  Location     Type
  result          2   26[COMRAM] unsigned int 
 Return value:  Size  Location     Type
		None               void
 Registers used:
		wreg, fsr1l, fsr1h, fsr2l, fsr2h, status,2, status,0, prodl, prodh, cstack
 Tracked objects:
		On entry : 
		On exit  : 
		Unchanged: 
 Data sizes:     COMRAM   BANK0   BANK1   BANK2   BANK3   BANK4   BANK5   BANK6   BANK7   BANK8   BANK9  BANK10  BANK11  BANK12  BANK13  BANK14
      Params:         0       0       0       0       0       0       0       0       0       0       0       0       0       0       0       0
      Locals:         2       0       0       0       0       0       0       0       0       0       0       0       0       0       0       0
      Temps:          0       0       0       0       0       0       0       0       0       0       0       0       0       0       0       0
      Totals:         2       0       0       0       0       0       0       0       0       0       0       0       0       0       0       0
Total ram usage:        2 bytes
 Hardware stack levels used:    1
 Hardware stack levels required when called:    8
 This function calls:
		_ReadTimer1
		_ToMainLow_sendmsg
		_WriteTimer1
 This function is called by:
		_InterruptHandlerLow
 This function uses a non-reentrant model


 *************** function _WriteTimer1 *****************
 Defined at:
		line 14 in file "C:\Program Files\Microchip\xc8\v1.32\sources\pic18\plib\Timers\t1write.c"
 Parameters:    Size  Location     Type
  timer1          2    0[COMRAM] unsigned int 
 Auto vars:     Size  Location     Type
  timer           2    2[COMRAM] struct Timers
 Return value:  Size  Location     Type
		None               void
 Registers used:
		None
 Tracked objects:
		On entry : 
		On exit  : 
		Unchanged: 
 Data sizes:     COMRAM   BANK0   BANK1   BANK2   BANK3   BANK4   BANK5   BANK6   BANK7   BANK8   BANK9  BANK10  BANK11  BANK12  BANK13  BANK14
      Params:         2       0       0       0       0       0       0       0       0       0       0       0       0       0       0       0
      Locals:         2       0       0       0       0       0       0       0       0       0       0       0       0       0       0       0
      Temps:          0       0       0       0       0       0       0       0       0       0       0       0       0       0       0       0
      Totals:         4       0       0       0       0       0       0       0       0       0       0       0       0       0       0       0
Total ram usage:        4 bytes
 Hardware stack levels used:    1
 Hardware stack levels required when called:    5
 This function calls:
		Nothing
 This function is called by:
		_timer1_int_handler
 This function uses a non-reentrant model


 *************** function _ToMainLow_sendmsg *****************
 Defined at:
		line 103 in file "../src/messages.c"
 Parameters:    Size  Location     Type
  length          1    wreg     unsigned char 
  msgtype         1   22[COMRAM] unsigned char 
  data            2   23[COMRAM] PTR void 
		 -> NULL(0), main@uc(5), 
 Auto vars:     Size  Location     Type
  length          1   25[COMRAM] unsigned char 
 Return value:  Size  Location     Type
                  1    wreg      char 
 Registers used:
		wreg, fsr1l, fsr1h, fsr2l, fsr2h, status,2, status,0, prodl, prodh, cstack
 Tracked objects:
		On entry : 
		On exit  : 
		Unchanged: 
 Data sizes:     COMRAM   BANK0   BANK1   BANK2   BANK3   BANK4   BANK5   BANK6   BANK7   BANK8   BANK9  BANK10  BANK11  BANK12  BANK13  BANK14
      Params:         3       0       0       0       0       0       0       0       0       0       0       0       0       0       0       0
      Locals:         1       0       0       0       0       0       0       0       0       0       0       0       0       0       0       0
      Temps:          0       0       0       0       0       0       0       0       0       0       0       0       0       0       0       0
      Totals:         4       0       0       0       0       0       0       0       0       0       0       0       0       0       0       0
Total ram usage:        4 bytes
 Hardware stack levels used:    1
 Hardware stack levels required when called:    7
 This function calls:
		_send_msg
 This function is called by:
		_uart_recv_int_handler
		_timer1_int_handler
 This function uses a non-reentrant model


 *************** function _send_msg *****************
 Defined at:
		line 24 in file "../src/messages.c"
 Parameters:    Size  Location     Type
  qptr            2   10[COMRAM] PTR struct __msg_queue
		 -> FromMainHigh_MQ(54), FromMainLow_MQ(54), ToMainHigh_MQ(54), ToMainLow_MQ(54), 
  length          1   12[COMRAM] unsigned char 
  msgtype         1   13[COMRAM] unsigned char 
  data            2   14[COMRAM] PTR void 
		 -> timer0_int_handler@val(2), NULL(0), i2c_int_handler@error_buf(3), main@ic(30), 
		 -> main@uc(5), 
 Auto vars:     Size  Location     Type
  qmsg            2   20[COMRAM] PTR struct __msg
		 -> FromMainLow_MQ.queue(52), FromMainHigh_MQ.queue(52), ToMainHigh_MQ.queue(52), ToMainLow_MQ.queue(52), 
		 -> FromMainHigh_MQ(54), FromMainLow_MQ(54), ToMainHigh_MQ(54), ToMainLow_MQ(54), 
  tlength         2   17[COMRAM] unsigned int 
  slot            1   19[COMRAM] unsigned char 
 Return value:  Size  Location     Type
                  1    wreg      char 
 Registers used:
		wreg, fsr1l, fsr1h, fsr2l, fsr2h, status,2, status,0, prodl, prodh, cstack
 Tracked objects:
		On entry : 
		On exit  : 
		Unchanged: 
 Data sizes:     COMRAM   BANK0   BANK1   BANK2   BANK3   BANK4   BANK5   BANK6   BANK7   BANK8   BANK9  BANK10  BANK11  BANK12  BANK13  BANK14
      Params:         6       0       0       0       0       0       0       0       0       0       0       0       0       0       0       0
      Locals:         5       0       0       0       0       0       0       0       0       0       0       0       0       0       0       0
      Temps:          1       0       0       0       0       0       0       0       0       0       0       0       0       0       0       0
      Totals:        12       0       0       0       0       0       0       0       0       0       0       0       0       0       0       0
Total ram usage:       12 bytes
 Hardware stack levels used:    1
 Hardware stack levels required when called:    6
 This function calls:
		_memcpy
 This function is called by:
		_ToMainLow_sendmsg
		_FromMainLow_sendmsg
		_FromMainHigh_sendmsg
 This function uses a non-reentrant model


 *************** function _memcpy *****************
 Defined at:
		line 11 in file "C:\Program Files\Microchip\xc8\v1.32\sources\common\memcpy.c"
 Parameters:    Size  Location     Type
  d1              2    0[COMRAM] PTR void 
		 -> FromMainLow_MQ.queue(52), FromMainHigh_MQ.queue(52), ToMainHigh_MQ.queue(52), ToMainLow_MQ.queue(52), 
		 -> timer0_int_handler@val(2), FromMainHigh_MQ(54), FromMainLow_MQ(54), ToMainHigh_MQ(54), 
		 -> ToMainLow_MQ(54), 
  s1              2    2[COMRAM] PTR const void 
		 -> ToMainLow_MQ.data(10), ToMainHigh_MQ.data(10), FromMainLow_MQ.data(10), FromMainHigh_MQ.data(10), 
		 -> ToMainLow_MQ.queue.data(10), ToMainHigh_MQ.queue.data(10), FromMainHigh_MQ.queue.data(10), FromMainLow_MQ.queue.data(10), 
		 -> timer0_int_handler@val(2), NULL(0), i2c_int_handler@error_buf(3), FromMainHigh_MQ(54), 
		 -> FromMainLow_MQ(54), ToMainHigh_MQ(54), ToMainLow_MQ(54), main@ic(30), 
		 -> main@uc(5), 
  n               2    4[COMRAM] unsigned int 
 Auto vars:     Size  Location     Type
  s               2    8[COMRAM] PTR const unsigned char 
		 -> ToMainLow_MQ.data(10), ToMainHigh_MQ.data(10), FromMainLow_MQ.data(10), FromMainHigh_MQ.data(10), 
		 -> ToMainLow_MQ.queue.data(10), ToMainHigh_MQ.queue.data(10), FromMainHigh_MQ.queue.data(10), FromMainLow_MQ.queue.data(10), 
		 -> timer0_int_handler@val(2), NULL(0), i2c_int_handler@error_buf(3), FromMainHigh_MQ(54), 
		 -> FromMainLow_MQ(54), ToMainHigh_MQ(54), ToMainLow_MQ(54), main@ic(30), 
		 -> main@uc(5), 
  d               2    6[COMRAM] PTR unsigned char 
		 -> FromMainLow_MQ.queue(52), FromMainHigh_MQ.queue(52), ToMainHigh_MQ.queue(52), ToMainLow_MQ.queue(52), 
		 -> timer0_int_handler@val(2), FromMainHigh_MQ(54), FromMainLow_MQ(54), ToMainHigh_MQ(54), 
		 -> ToMainLow_MQ(54), 
 Return value:  Size  Location     Type
                  2    0[COMRAM] PTR void 
 Registers used:
		wreg, fsr1l, fsr1h, fsr2l, fsr2h, status,2, status,0
 Tracked objects:
		On entry : 
		On exit  : 
		Unchanged: 
 Data sizes:     COMRAM   BANK0   BANK1   BANK2   BANK3   BANK4   BANK5   BANK6   BANK7   BANK8   BANK9  BANK10  BANK11  BANK12  BANK13  BANK14
      Params:         6       0       0       0       0       0       0       0       0       0       0       0       0       0       0       0
      Locals:         4       0       0       0       0       0       0       0       0       0       0       0       0       0       0       0
      Temps:          0       0       0       0       0       0       0       0       0       0       0       0       0       0       0       0
      Totals:        10       0       0       0       0       0       0       0       0       0       0       0       0       0       0       0
Total ram usage:       10 bytes
 Hardware stack levels used:    1
 Hardware stack levels required when called:    5
 This function calls:
		Nothing
 This function is called by:
		_send_msg
 This function uses a non-reentrant model


 *************** function _ReadTimer1 *****************
 Defined at:
		line 15 in file "C:\Program Files\Microchip\xc8\v1.32\sources\pic18\plib\Timers\t1read.c"
 Parameters:    Size  Location     Type
		None
 Auto vars:     Size  Location     Type
  timer           2    2[COMRAM] struct Timers
 Return value:  Size  Location     Type
                  2    0[COMRAM] unsigned int 
 Registers used:
		None
 Tracked objects:
		On entry : 
		On exit  : 
		Unchanged: 
 Data sizes:     COMRAM   BANK0   BANK1   BANK2   BANK3   BANK4   BANK5   BANK6   BANK7   BANK8   BANK9  BANK10  BANK11  BANK12  BANK13  BANK14
      Params:         2       0       0       0       0       0       0       0       0       0       0       0       0       0       0       0
      Locals:         2       0       0       0       0       0       0       0       0       0       0       0       0       0       0       0
      Temps:          0       0       0       0       0       0       0       0       0       0       0       0       0       0       0       0
      Totals:         4       0       0       0       0       0       0       0       0       0       0       0       0       0       0       0
Total ram usage:        4 bytes
 Hardware stack levels used:    1
 Hardware stack levels required when called:    5
 This function calls:
		Nothing
 This function is called by:
		_timer1_int_handler
 This function uses a non-reentrant model


 *************** function _InterruptHandlerHigh *****************
 Defined at:
		line 83 in file "../src/interrupts.c"
 Parameters:    Size  Location     Type
		None
 Auto vars:     Size  Location     Type
		None
 Return value:  Size  Location     Type
		None               void
 Registers used:
		wreg, fsr1l, fsr1h, fsr2l, fsr2h, status,2, status,0, prodl, prodh, cstack
 Tracked objects:
		On entry : 
		On exit  : 
		Unchanged: 
 Data sizes:     COMRAM   BANK0   BANK1   BANK2   BANK3   BANK4   BANK5   BANK6   BANK7   BANK8   BANK9  BANK10  BANK11  BANK12  BANK13  BANK14
      Params:         0       0       0       0       0       0       0       0       0       0       0       0       0       0       0       0
      Locals:         0       0       0       0       0       0       0       0       0       0       0       0       0       0       0       0
      Temps:          0      14       0       0       0       0       0       0       0       0       0       0       0       0       0       0
      Totals:         0      14       0       0       0       0       0       0       0       0       0       0       0       0       0       0
Total ram usage:       14 bytes
 Hardware stack levels used:    1
 Hardware stack levels required when called:    4
 This function calls:
		_SleepIfOkay
		_i2c_master_int_handler
		_timer0_int_handler
 This function is called by:
		Interrupt level 2
 This function uses a non-reentrant model


 *************** function _timer0_int_handler *****************
 Defined at:
		line 16 in file "../src/user_interrupts.c"
 Parameters:    Size  Location     Type
		None
 Auto vars:     Size  Location     Type
  val             2   32[BANK0 ] unsigned int 
  msgtype         2   30[BANK0 ] int 
  length          2   28[BANK0 ] int 
 Return value:  Size  Location     Type
		None               void
 Registers used:
		wreg, fsr1l, fsr1h, fsr2l, fsr2h, status,2, status,0, prodl, prodh, cstack
 Tracked objects:
		On entry : 
		On exit  : 
		Unchanged: 
 Data sizes:     COMRAM   BANK0   BANK1   BANK2   BANK3   BANK4   BANK5   BANK6   BANK7   BANK8   BANK9  BANK10  BANK11  BANK12  BANK13  BANK14
      Params:         0       0       0       0       0       0       0       0       0       0       0       0       0       0       0       0
      Locals:         0       6       0       0       0       0       0       0       0       0       0       0       0       0       0       0
      Temps:          0       0       0       0       0       0       0       0       0       0       0       0       0       0       0       0
      Totals:         0       6       0       0       0       0       0       0       0       0       0       0       0       0       0       0
Total ram usage:        6 bytes
 Hardware stack levels used:    1
 Hardware stack levels required when called:    3
 This function calls:
		_FromMainHigh_recvmsg
		_ToMainHigh_sendmsg
		_WriteTimer0
 This function is called by:
		_InterruptHandlerHigh
 This function uses a non-reentrant model


 *************** function _WriteTimer0 *****************
 Defined at:
		line 16 in file "C:\Program Files\Microchip\xc8\v1.32\sources\pic18\plib\Timers\t0write.c"
 Parameters:    Size  Location     Type
  timer0          2    0[BANK0 ] unsigned int 
 Auto vars:     Size  Location     Type
  timer           2    2[BANK0 ] struct Timers
 Return value:  Size  Location     Type
		None               void
 Registers used:
		None
 Tracked objects:
		On entry : 
		On exit  : 
		Unchanged: 
 Data sizes:     COMRAM   BANK0   BANK1   BANK2   BANK3   BANK4   BANK5   BANK6   BANK7   BANK8   BANK9  BANK10  BANK11  BANK12  BANK13  BANK14
      Params:         0       2       0       0       0       0       0       0       0       0       0       0       0       0       0       0
      Locals:         0       2       0       0       0       0       0       0       0       0       0       0       0       0       0       0
      Temps:          0       0       0       0       0       0       0       0       0       0       0       0       0       0       0       0
      Totals:         0       4       0       0       0       0       0       0       0       0       0       0       0       0       0       0
Total ram usage:        4 bytes
 Hardware stack levels used:    1
 This function calls:
		Nothing
 This function is called by:
		_timer0_int_handler
 This function uses a non-reentrant model


 *************** function _ToMainHigh_sendmsg *****************
 Defined at:
		line 126 in file "../src/messages.c"
 Parameters:    Size  Location     Type
  length          1    wreg     unsigned char 
  msgtype         1   21[BANK0 ] unsigned char 
  data            2   22[BANK0 ] PTR void 
		 -> timer0_int_handler@val(2), NULL(0), i2c_int_handler@error_buf(3), main@ic(30), 
 Auto vars:     Size  Location     Type
  length          1   24[BANK0 ] unsigned char 
 Return value:  Size  Location     Type
                  1    wreg      char 
 Registers used:
		wreg, fsr1l, fsr1h, fsr2l, fsr2h, status,2, status,0, prodl, prodh, cstack
 Tracked objects:
		On entry : 
		On exit  : 
		Unchanged: 
 Data sizes:     COMRAM   BANK0   BANK1   BANK2   BANK3   BANK4   BANK5   BANK6   BANK7   BANK8   BANK9  BANK10  BANK11  BANK12  BANK13  BANK14
      Params:         0       3       0       0       0       0       0       0       0       0       0       0       0       0       0       0
      Locals:         0       1       0       0       0       0       0       0       0       0       0       0       0       0       0       0
      Temps:          0       0       0       0       0       0       0       0       0       0       0       0       0       0       0       0
      Totals:         0       4       0       0       0       0       0       0       0       0       0       0       0       0       0       0
Total ram usage:        4 bytes
 Hardware stack levels used:    1
 Hardware stack levels required when called:    2
 This function calls:
		i2_send_msg
 This function is called by:
		_timer0_int_handler
		_i2c_int_handler
 This function uses a non-reentrant model


 *************** function i2_send_msg *****************
 Defined at:
		line 24 in file "../src/messages.c"
 Parameters:    Size  Location     Type
  qptr            2   10[BANK0 ] PTR struct __msg_queue
		 -> FromMainHigh_MQ(54), FromMainLow_MQ(54), ToMainHigh_MQ(54), ToMainLow_MQ(54), 
  length          1   12[BANK0 ] unsigned char 
  msgtype         1   13[BANK0 ] unsigned char 
  data            2   14[BANK0 ] PTR void 
		 -> timer0_int_handler@val(2), NULL(0), i2c_int_handler@error_buf(3), main@ic(30), 
		 -> main@uc(5), 
 Auto vars:     Size  Location     Type
  send_msg        2   19[BANK0 ] PTR struct __msg
		 -> FromMainLow_MQ.queue(52), FromMainHigh_MQ.queue(52), ToMainHigh_MQ.queue(52), ToMainLow_MQ.queue(52), 
		 -> FromMainHigh_MQ(54), FromMainLow_MQ(54), ToMainHigh_MQ(54), ToMainLow_MQ(54), 
  send_msg        2   16[BANK0 ] unsigned int 
  send_msg        1   18[BANK0 ] unsigned char 
 Return value:  Size  Location     Type
                  1    wreg      char 
 Registers used:
		wreg, fsr1l, fsr1h, fsr2l, fsr2h, status,2, status,0, prodl, prodh, cstack
 Tracked objects:
		On entry : 
		On exit  : 
		Unchanged: 
 Data sizes:     COMRAM   BANK0   BANK1   BANK2   BANK3   BANK4   BANK5   BANK6   BANK7   BANK8   BANK9  BANK10  BANK11  BANK12  BANK13  BANK14
      Params:         0       6       0       0       0       0       0       0       0       0       0       0       0       0       0       0
      Locals:         0       5       0       0       0       0       0       0       0       0       0       0       0       0       0       0
      Temps:          1       0       0       0       0       0       0       0       0       0       0       0       0       0       0       0
      Totals:         1      11       0       0       0       0       0       0       0       0       0       0       0       0       0       0
Total ram usage:       12 bytes
 Hardware stack levels used:    1
 Hardware stack levels required when called:    1
 This function calls:
		i2_memcpy
 This function is called by:
		_ToMainHigh_sendmsg
 This function uses a non-reentrant model


 *************** function _FromMainHigh_recvmsg *****************
 Defined at:
		line 183 in file "../src/messages.c"
 Parameters:    Size  Location     Type
  maxlength       1    wreg     unsigned char 
  msgtype         2   24[BANK0 ] PTR unsigned char 
		 -> timer0_int_handler@msgtype(2), 
  data            2   26[BANK0 ] PTR void 
		 -> timer0_int_handler@val(2), 
 Auto vars:     Size  Location     Type
  maxlength       1   45[COMRAM] unsigned char 
 Return value:  Size  Location     Type
                  1    wreg      char 
 Registers used:
		wreg, fsr1l, fsr1h, fsr2l, fsr2h, status,2, status,0, prodl, prodh, cstack
 Tracked objects:
		On entry : 
		On exit  : 
		Unchanged: 
 Data sizes:     COMRAM   BANK0   BANK1   BANK2   BANK3   BANK4   BANK5   BANK6   BANK7   BANK8   BANK9  BANK10  BANK11  BANK12  BANK13  BANK14
      Params:         0       4       0       0       0       0       0       0       0       0       0       0       0       0       0       0
      Locals:         1       0       0       0       0       0       0       0       0       0       0       0       0       0       0       0
      Temps:          0       0       0       0       0       0       0       0       0       0       0       0       0       0       0       0
      Totals:         1       4       0       0       0       0       0       0       0       0       0       0       0       0       0       0
Total ram usage:        5 bytes
 Hardware stack levels used:    1
 Hardware stack levels required when called:    2
 This function calls:
		_recv_msg
 This function is called by:
		_timer0_int_handler
 This function uses a non-reentrant model


 *************** function _recv_msg *****************
 Defined at:
		line 63 in file "../src/messages.c"
 Parameters:    Size  Location     Type
  qptr            2   10[BANK0 ] PTR struct __msg_queue
		 -> FromMainHigh_MQ(54), FromMainLow_MQ(54), ToMainHigh_MQ(54), ToMainLow_MQ(54), 
  maxlength       1   12[BANK0 ] unsigned char 
  msgtype         2   13[BANK0 ] PTR unsigned char 
		 -> timer0_int_handler@msgtype(2), 
  data            2   15[BANK0 ] PTR void 
		 -> timer0_int_handler@val(2), 
 Auto vars:     Size  Location     Type
  qmsg            2   22[BANK0 ] PTR struct __msg
		 -> FromMainLow_MQ.queue(52), FromMainHigh_MQ.queue(52), ToMainHigh_MQ.queue(52), ToMainLow_MQ.queue(52), 
		 -> FromMainHigh_MQ(54), FromMainLow_MQ(54), ToMainHigh_MQ(54), ToMainLow_MQ(54), 
  tlength         2   20[BANK0 ] unsigned int 
  slot            1   19[BANK0 ] unsigned char 
 Return value:  Size  Location     Type
                  1    wreg      char 
 Registers used:
		wreg, fsr1l, fsr1h, fsr2l, fsr2h, status,2, status,0, prodl, prodh, cstack
 Tracked objects:
		On entry : 
		On exit  : 
		Unchanged: 
 Data sizes:     COMRAM   BANK0   BANK1   BANK2   BANK3   BANK4   BANK5   BANK6   BANK7   BANK8   BANK9  BANK10  BANK11  BANK12  BANK13  BANK14
      Params:         0       7       0       0       0       0       0       0       0       0       0       0       0       0       0       0
      Locals:         0       5       0       0       0       0       0       0       0       0       0       0       0       0       0       0
      Temps:          0       2       0       0       0       0       0       0       0       0       0       0       0       0       0       0
      Totals:         0      14       0       0       0       0       0       0       0       0       0       0       0       0       0       0
Total ram usage:       14 bytes
 Hardware stack levels used:    1
 Hardware stack levels required when called:    1
 This function calls:
		i2_memcpy
 This function is called by:
		_FromMainHigh_recvmsg
		_ToMainLow_recvmsg
		_ToMainHigh_recvmsg
		_FromMainLow_recvmsg
 This function uses a non-reentrant model


 *************** function i2_memcpy *****************
 Defined at:
		line 11 in file "C:\Program Files\Microchip\xc8\v1.32\sources\common\memcpy.c"
 Parameters:    Size  Location     Type
  d1              2    0[BANK0 ] PTR void 
		 -> FromMainLow_MQ.queue(52), FromMainHigh_MQ.queue(52), ToMainHigh_MQ.queue(52), ToMainLow_MQ.queue(52), 
		 -> timer0_int_handler@val(2), FromMainHigh_MQ(54), FromMainLow_MQ(54), ToMainHigh_MQ(54), 
		 -> ToMainLow_MQ(54), 
  s1              2    2[BANK0 ] PTR const void 
		 -> ToMainLow_MQ.data(10), ToMainHigh_MQ.data(10), FromMainLow_MQ.data(10), FromMainHigh_MQ.data(10), 
		 -> ToMainLow_MQ.queue.data(10), ToMainHigh_MQ.queue.data(10), FromMainHigh_MQ.queue.data(10), FromMainLow_MQ.queue.data(10), 
		 -> timer0_int_handler@val(2), NULL(0), i2c_int_handler@error_buf(3), FromMainHigh_MQ(54), 
		 -> FromMainLow_MQ(54), ToMainHigh_MQ(54), ToMainLow_MQ(54), main@ic(30), 
		 -> main@uc(5), 
  n               2    4[BANK0 ] unsigned int 
 Auto vars:     Size  Location     Type
  memcpy          2    8[BANK0 ] PTR const unsigned char 
		 -> ToMainLow_MQ.data(10), ToMainHigh_MQ.data(10), FromMainLow_MQ.data(10), FromMainHigh_MQ.data(10), 
		 -> ToMainLow_MQ.queue.data(10), ToMainHigh_MQ.queue.data(10), FromMainHigh_MQ.queue.data(10), FromMainLow_MQ.queue.data(10), 
		 -> timer0_int_handler@val(2), NULL(0), i2c_int_handler@error_buf(3), FromMainHigh_MQ(54), 
		 -> FromMainLow_MQ(54), ToMainHigh_MQ(54), ToMainLow_MQ(54), main@ic(30), 
		 -> main@uc(5), 
  memcpy          2    6[BANK0 ] PTR unsigned char 
		 -> FromMainLow_MQ.queue(52), FromMainHigh_MQ.queue(52), ToMainHigh_MQ.queue(52), ToMainLow_MQ.queue(52), 
		 -> timer0_int_handler@val(2), FromMainHigh_MQ(54), FromMainLow_MQ(54), ToMainHigh_MQ(54), 
		 -> ToMainLow_MQ(54), 
 Return value:  Size  Location     Type
                  2    0[BANK0 ] PTR void 
 Registers used:
		wreg, fsr1l, fsr1h, fsr2l, fsr2h, status,2, status,0
 Tracked objects:
		On entry : 
		On exit  : 
		Unchanged: 
 Data sizes:     COMRAM   BANK0   BANK1   BANK2   BANK3   BANK4   BANK5   BANK6   BANK7   BANK8   BANK9  BANK10  BANK11  BANK12  BANK13  BANK14
      Params:         0       6       0       0       0       0       0       0       0       0       0       0       0       0       0       0
      Locals:         0       4       0       0       0       0       0       0       0       0       0       0       0       0       0       0
      Temps:          0       0       0       0       0       0       0       0       0       0       0       0       0       0       0       0
      Totals:         0      10       0       0       0       0       0       0       0       0       0       0       0       0       0       0
Total ram usage:       10 bytes
 Hardware stack levels used:    1
 This function calls:
		Nothing
 This function is called by:
		_recv_msg
		i2_send_msg
 This function uses a non-reentrant model


 *************** function _i2c_master_int_handler *****************
 Defined at:
		line 99 in file "../src/my_i2c.c"
 Parameters:    Size  Location     Type
		None
 Auto vars:     Size  Location     Type
		None
 Return value:  Size  Location     Type
		None               void
 Registers used:
		wreg, fsr1l, fsr1h, fsr2l, fsr2h, status,2, status,0, prodl, prodh
 Tracked objects:
		On entry : 
		On exit  : 
		Unchanged: 
 Data sizes:     COMRAM   BANK0   BANK1   BANK2   BANK3   BANK4   BANK5   BANK6   BANK7   BANK8   BANK9  BANK10  BANK11  BANK12  BANK13  BANK14
      Params:         0       0       0       0       0       0       0       0       0       0       0       0       0       0       0       0
      Locals:         0       0       0       0       0       0       0       0       0       0       0       0       0       0       0       0
      Temps:          1       0       0       0       0       0       0       0       0       0       0       0       0       0       0       0
      Totals:         1       0       0       0       0       0       0       0       0       0       0       0       0       0       0       0
Total ram usage:        1 bytes
 Hardware stack levels used:    1
 This function calls:
		Nothing
 This function is called by:
		_InterruptHandlerHigh
 This function uses a non-reentrant model


 *************** function _SleepIfOkay *****************
 Defined at:
		line 226 in file "../src/messages.c"
 Parameters:    Size  Location     Type
		None
 Auto vars:     Size  Location     Type
		None
 Return value:  Size  Location     Type
		None               void
 Registers used:
		wreg, fsr2l, fsr2h, status,2, status,0, prodl, prodh, cstack
 Tracked objects:
		On entry : 
		On exit  : 
		Unchanged: 
 Data sizes:     COMRAM   BANK0   BANK1   BANK2   BANK3   BANK4   BANK5   BANK6   BANK7   BANK8   BANK9  BANK10  BANK11  BANK12  BANK13  BANK14
      Params:         0       0       0       0       0       0       0       0       0       0       0       0       0       0       0       0
      Locals:         0       0       0       0       0       0       0       0       0       0       0       0       0       0       0       0
      Temps:          0       0       0       0       0       0       0       0       0       0       0       0       0       0       0       0
      Totals:         0       0       0       0       0       0       0       0       0       0       0       0       0       0       0       0
Total ram usage:        0 bytes
 Hardware stack levels used:    1
 Hardware stack levels required when called:    2
 This function calls:
		_check_msg
		_enter_sleep_mode
		_in_high_int
		_in_low_int
 This function is called by:
		_InterruptHandlerHigh
 This function uses a non-reentrant model


 *************** function _in_low_int *****************
 Defined at:
		line 30 in file "../src/interrupts.c"
 Parameters:    Size  Location     Type
		None
 Auto vars:     Size  Location     Type
		None
 Return value:  Size  Location     Type
                  2    2[BANK0 ] int 
 Registers used:
		wreg, status,2, status,0, cstack
 Tracked objects:
		On entry : 
		On exit  : 
		Unchanged: 
 Data sizes:     COMRAM   BANK0   BANK1   BANK2   BANK3   BANK4   BANK5   BANK6   BANK7   BANK8   BANK9  BANK10  BANK11  BANK12  BANK13  BANK14
      Params:         0       2       0       0       0       0       0       0       0       0       0       0       0       0       0       0
      Locals:         0       0       0       0       0       0       0       0       0       0       0       0       0       0       0       0
      Temps:          0       0       0       0       0       0       0       0       0       0       0       0       0       0       0       0
      Totals:         0       2       0       0       0       0       0       0       0       0       0       0       0       0       0       0
Total ram usage:        2 bytes
 Hardware stack levels used:    1
 Hardware stack levels required when called:    1
 This function calls:
		_in_high_int
 This function is called by:
		_SleepIfOkay
		_in_main
 This function uses a non-reentrant model


 *************** function _in_high_int *****************
 Defined at:
		line 22 in file "../src/interrupts.c"
 Parameters:    Size  Location     Type
		None
 Auto vars:     Size  Location     Type
		None
 Return value:  Size  Location     Type
                  2    0[BANK0 ] int 
 Registers used:
		wreg, status,2
 Tracked objects:
		On entry : 
		On exit  : 
		Unchanged: 
 Data sizes:     COMRAM   BANK0   BANK1   BANK2   BANK3   BANK4   BANK5   BANK6   BANK7   BANK8   BANK9  BANK10  BANK11  BANK12  BANK13  BANK14
      Params:         0       2       0       0       0       0       0       0       0       0       0       0       0       0       0       0
      Locals:         0       0       0       0       0       0       0       0       0       0       0       0       0       0       0       0
      Temps:          0       0       0       0       0       0       0       0       0       0       0       0       0       0       0       0
      Totals:         0       2       0       0       0       0       0       0       0       0       0       0       0       0       0       0
Total ram usage:        2 bytes
 Hardware stack levels used:    1
 This function calls:
		Nothing
 This function is called by:
		_in_low_int
		_SleepIfOkay
		_in_main
 This function uses a non-reentrant model


 *************** function _enter_sleep_mode *****************
 Defined at:
		line 202 in file "../src/messages.c"
 Parameters:    Size  Location     Type
		None
 Auto vars:     Size  Location     Type
		None
 Return value:  Size  Location     Type
		None               void
 Registers used:
		None
 Tracked objects:
		On entry : 
		On exit  : 
		Unchanged: 
 Data sizes:     COMRAM   BANK0   BANK1   BANK2   BANK3   BANK4   BANK5   BANK6   BANK7   BANK8   BANK9  BANK10  BANK11  BANK12  BANK13  BANK14
      Params:         0       0       0       0       0       0       0       0       0       0       0       0       0       0       0       0
      Locals:         0       0       0       0       0       0       0       0       0       0       0       0       0       0       0       0
      Temps:          0       0       0       0       0       0       0       0       0       0       0       0       0       0       0       0
      Totals:         0       0       0       0       0       0       0       0       0       0       0       0       0       0       0       0
Total ram usage:        0 bytes
 Hardware stack levels used:    1
 This function calls:
		Nothing
 This function is called by:
		_SleepIfOkay
 This function uses a non-reentrant model


 *************** function _check_msg *****************
 Defined at:
		line 220 in file "../src/messages.c"
 Parameters:    Size  Location     Type
  qptr            2    0[BANK0 ] PTR struct __msg_queue
		 -> ToMainHigh_MQ(54), ToMainLow_MQ(54), 
 Auto vars:     Size  Location     Type
		None
 Return value:  Size  Location     Type
                  1    wreg      unsigned char 
 Registers used:
		wreg, fsr2l, fsr2h, status,2, status,0, prodl, prodh
 Tracked objects:
		On entry : 
		On exit  : 
		Unchanged: 
 Data sizes:     COMRAM   BANK0   BANK1   BANK2   BANK3   BANK4   BANK5   BANK6   BANK7   BANK8   BANK9  BANK10  BANK11  BANK12  BANK13  BANK14
      Params:         0       2       0       0       0       0       0       0       0       0       0       0       0       0       0       0
      Locals:         0       0       0       0       0       0       0       0       0       0       0       0       0       0       0       0
      Temps:          1       0       0       0       0       0       0       0       0       0       0       0       0       0       0       0
      Totals:         1       2       0       0       0       0       0       0       0       0       0       0       0       0       0       0
Total ram usage:        3 bytes
 Hardware stack levels used:    1
 This function calls:
		Nothing
 This function is called by:
		_SleepIfOkay
		_block_on_To_msgqueues
 This function uses a non-reentrant model



MODULE INFORMATION

Module		Function		Class		Link	Load	Size
C:\Program Files\Microchip\xc8\v1.32\sources\common\memcpy.c
		_memcpy        		CODE           	0B56	0000	64

C:\Program Files\Microchip\xc8\v1.32\sources\common\memcpy.c estimated size: 64

C:\Program Files\Microchip\xc8\v1.32\sources\pic18\plib\Timers\t1read.c
		_ReadTimer1    		CODE           	0D4E	0000	18

C:\Program Files\Microchip\xc8\v1.32\sources\pic18\plib\Timers\t1read.c estimated size: 18

../src/user_interrupts.c
		_timer0_int_han		CODE           	08D4	0000	110
		_timer1_int_han		CODE           	0C9E	0000	44

../src/user_interrupts.c estimated size: 154

../src/my_i2c.c
		_i2c_master_rec		CODE           	0624	0000	158
		_i2c_configure_		CODE           	0BD4	0000	58
		_i2c_master_int		CODE           	00BA	0000	698
		_init_i2c      		CODE           	0942	0000	102

../src/my_i2c.c estimated size: 1016

C:\Program Files\Microchip\xc8\v1.32\sources\pic18\plib\USART\u1open.c
		_Open1USART    		CODE           	0864	0000	112

C:\Program Files\Microchip\xc8\v1.32\sources\pic18\plib\USART\u1open.c estimated size: 112

C:\Program Files\Microchip\xc8\v1.32\sources\pic18\plib\Timers\t1write.c
		_WriteTimer1   		CODE           	0D3C	0000	18

C:\Program Files\Microchip\xc8\v1.32\sources\pic18\plib\Timers\t1write.c estimated size: 18

../src/timer1_thread.c
		_init_timer1_lt		CODE           	0D2A	0000	18

../src/timer1_thread.c estimated size: 18

../src/interrupts.c
		_enable_interru		CODE           	0D82	0000	8
		_in_low_int    		CODE           	0B96	0000	62
		_in_high_int   		CODE           	0D72	0000	16
		_InterruptHandl		CODE           	0018	0000	158
		_InterruptHandl		CODE           	0008	0000	2140

../src/interrupts.c estimated size: 2384

shared
		i2_send_msg    		CODE           	0492	0000	232
		__initializatio		CODE           	0B10	0000	60
		i2_memcpy      		CODE           	0AC0	0000	80

shared estimated size: 372

../src/messages.c
		_ToMainHigh_sen		CODE           	0C42	0000	46
		_check_msg     		CODE           	0C70	0000	46
		_ToMainLow_send		CODE           	0CCA	0000	36
		_enter_sleep_mo		CODE           	0D8A	0000	6
		_send_msg      		CODE           	057A	0000	170
		_FromMainHigh_r		CODE           	0C0E	0000	52
		_init_queue    		CODE           	09A8	0000	100
		_init_queues   		CODE           	0A6A	0000	86
		_recv_msg      		CODE           	0374	0000	286
		_SleepIfOkay   		CODE           	0A0C	0000	94

../src/messages.c estimated size: 922

../src/my_uart.c
		_init_uart_recv		CODE           	0CEE	0000	30
		_uart_recv_int_		CODE           	06C2	0000	148

../src/my_uart.c estimated size: 178

C:\Program Files\Microchip\xc8\v1.32\sources\pic18\plib\USART\u1read.c
		_Read1USART    		CODE           	0D0C	0000	30

C:\Program Files\Microchip\xc8\v1.32\sources\pic18\plib\USART\u1read.c estimated size: 30

C:\Program Files\Microchip\xc8\v1.32\sources\pic18\plib\Timers\t0write.c
		_WriteTimer0   		CODE           	0D60	0000	18

C:\Program Files\Microchip\xc8\v1.32\sources\pic18\plib\Timers\t0write.c estimated size: 18

../src/main.c
		_main          		CODE           	0756	0000	144

../src/main.c estimated size: 144

